<!doctype html><html lang=en-us><head><title>https://ouzhou8.eu.org/colors/golden/</title><link rel=canonical href=https://ouzhou8.eu.org/colors/golden/><meta name=robots content="noindex"><meta charset=utf-8><meta http-equiv=refresh content="0; url=https://ouzhou8.eu.org/colors/golden/"></head></html>